[load] tensor model.embed_tokens.weight: /home/zhangzherui/hf-models/Youtu-VL-4B-Instruct/model-00002-of-00003.safetensors
[load] minimal text modules on cpu; targets=embed_tokens
[pnnx] /home/zhangzherui/.venvs/hunyuan-ocr/bin/pnnx /home/zhangzherui/ncnn-models/youtu-vl-4b-ncnn-independent/models/text/youtu_embed_tokens.pt inputshape=[1,33]i64 pnnxparam=/home/zhangzherui/ncnn-models/youtu-vl-4b-ncnn-independent/models/text/youtu_embed_tokens.pnnx.param pnnxbin=/home/zhangzherui/ncnn-models/youtu-vl-4b-ncnn-independent/models/text/youtu_embed_tokens.pnnx.bin pnnxpy=/home/zhangzherui/ncnn-models/youtu-vl-4b-ncnn-independent/models/text/youtu_embed_tokens_pnnx.py pnnxonnx=/home/zhangzherui/ncnn-models/youtu-vl-4b-ncnn-independent/models/text/youtu_embed_tokens.pnnx.onnx ncnnparam=/home/zhangzherui/ncnn-models/youtu-vl-4b-ncnn-independent/models/text/youtu_embed_tokens.ncnn.param ncnnbin=/home/zhangzherui/ncnn-models/youtu-vl-4b-ncnn-independent/models/text/youtu_embed_tokens.ncnn.bin ncnnpy=/home/zhangzherui/ncnn-models/youtu-vl-4b-ncnn-independent/models/text/youtu_embed_tokens_ncnn.py fp16=1
[write] /home/zhangzherui/ncnn-models/youtu-vl-4b-ncnn-independent/models/text/export_manifest.json
[traced] embed_tokens
	Command being timed: "/home/zhangzherui/.venvs/hunyuan-ocr-v1-gpu/bin/python /mnt/c/Users/zhangzherui/Desktop/Tencent/ncnn-final/ncnn_llm/models/youtu-vl/export/youtu_vl_export.py --metadata /home/zhangzherui/ncnn-work/youtu-vl-4b/text-dumps/metadata.json --model /home/zhangzherui/hf-models/Youtu-VL-4B-Instruct --output-dir /home/zhangzherui/ncnn-models/youtu-vl-4b-ncnn-independent/models/text --target embed_tokens --device cpu --device-map none --attn-implementation eager --precision fp16 --pnnx /home/zhangzherui/.venvs/hunyuan-ocr/bin/pnnx --trace --run-pnnx"
	User time (seconds): 34.97
	System time (seconds): 21.60
	Percent of CPU this job got: 112%
	Elapsed (wall clock) time (h:mm:ss or m:ss): 0:50.46
	Average shared text size (kbytes): 0
	Average unshared data size (kbytes): 0
	Average stack size (kbytes): 0
	Average total size (kbytes): 0
	Maximum resident set size (kbytes): 11408824
	Average resident set size (kbytes): 0
	Major (requiring I/O) page faults: 13627
	Minor (reclaiming a frame) page faults: 7299121
	Voluntary context switches: 22139
	Involuntary context switches: 300
	Swaps: 0
	File system inputs: 4677616
	File system outputs: 17003256
	Socket messages sent: 0
	Socket messages received: 0
	Signals delivered: 0
	Page size (bytes): 4096
	Exit status: 0
